{
  "common": [
    "nested",
    {
      "setting1": [
        "unchanged",
        "Value 1"
      ],
      "setting2": [
        "removed",
        200
      ],
      "setting3": [
        "unchanged",
        true
      ],
      "setting4": [
        "added",
        "blah blah"
      ],
      "setting5": [
        "added",
        {
          "key5": "value5"
        }
      ],
      "setting6": [
        "nested",
        {
          "doge": [
            "nested",
            {
              "wow": [
                "updated",
                [
                  1,
                  2,
                  3
                ],
                "so much"
              ]
            }
          ],
          "key": [
            "unchanged",
            "value"
          ]
        }
      ]
    }
  ],
  "setting4": [
    "removed",
    "blah blah"
  ],
  "setting5": [
    "removed",
    {
      "key5": "value5"
    }
  ]
}