Property 'common.setting2' was removed
Property 'common.setting4' was added with value: 'blah blah'
Property 'common.setting5' was added with value: [complex value]
Property 'common.setting6.doge.wow' was updated. From [1, 2, 3] to 'so much'
Property 'setting4' was removed
Property 'setting5' was removed